// Jest Snapshot v1, https://goo.gl/fbAQLP

exports[`<App /> spec Should not regress 1`] = `
<div>
  <div
    class="sc-AxheI bPuNAc"
  >
    <main
      class="sc-AxhUy efgNkU"
    >
      <section
        class="sc-AxjAm sc-AxirZ hcRbbY"
      >
        <div
          class="MuiCircularProgress-root MuiCircularProgress-colorPrimary MuiCircularProgress-indeterminate"
          role="progressbar"
          style="width: 40px; height: 40px;"
        >
          <svg
            class="MuiCircularProgress-svg"
            viewBox="22 22 44 44"
          >
            <circle
              class="MuiCircularProgress-circle MuiCircularProgress-circleIndeterminate"
              cx="44"
              cy="44"
              fill="none"
              r="20.2"
              stroke-width="3.6"
            />
          </svg>
        </div>
      </section>
    </main>
  </div>
</div>
`;
